
Memory Configuration

Name             Origin             Length             Attributes
flash            0x08000000         0x00020000         xr
sram             0x20000000         0x00007000         xrw
*default*        0x00000000         0xffffffff

Linker script and memory map


.text           0x08000000      0x118
 *(.vectors*)
 .vectors       0x08000000       0x10 startup.o
                0x08000000                vectors
 *(.text*)
 .text          0x08000010       0x7c main.o
                0x08000010                main
 .text          0x0800008c       0x8c startup.o
                0x0800008c                Reset_Handler
                0x0800010c                Bus_Fault_Handler
                0x0800010c                Default_Handler
                0x0800010c                NMI_Handler
 *(.rodata)
                0x08000118                _E_TEXT = .

.glue_7         0x08000118        0x0
 .glue_7        0x08000118        0x0 linker stubs

.glue_7t        0x08000118        0x0
 .glue_7t       0x08000118        0x0 linker stubs

.vfp11_veneer   0x08000118        0x0
 .vfp11_veneer  0x08000118        0x0 linker stubs

.v4_bx          0x08000118        0x0
 .v4_bx         0x08000118        0x0 linker stubs

.iplt           0x08000118        0x0
 .iplt          0x08000118        0x0 main.o

.rel.dyn        0x08000118        0x0
 .rel.iplt      0x08000118        0x0 main.o

.data           0x20000000        0x4 load address 0x08000118
                0x20000000                _S_DATA = .
 *(.data)
 .data          0x20000000        0x4 main.o
                0x20000000                R_ODR
 .data          0x20000004        0x0 startup.o
                0x20000004                _E_DATA = .

.igot.plt       0x20000004        0x0 load address 0x0800011c
 .igot.plt      0x20000004        0x0 main.o

.bss            0x20000004        0x4 load address 0x0800011c
                0x20000004                _S_BSS = .
 *(.bss)
 .bss           0x20000004        0x3 main.o
                0x20000004                g_var
 .bss           0x20000007        0x0 startup.o
                0x20000008                . = ALIGN (0x4)
 *fill*         0x20000007        0x1 
                0x20000008                _E_BSS = .
LOAD main.o
LOAD startup.o
OUTPUT(Lab_3.elf elf32-littlearm)
LOAD linker stubs

.debug_info     0x00000000      0x328
 .debug_info    0x00000000      0x168 main.o
 .debug_info    0x00000168      0x1c0 startup.o

.debug_abbrev   0x00000000      0x202
 .debug_abbrev  0x00000000      0x102 main.o
 .debug_abbrev  0x00000102      0x100 startup.o

.debug_loc      0x00000000       0xb4
 .debug_loc     0x00000000       0x38 main.o
 .debug_loc     0x00000038       0x7c startup.o

.debug_aranges  0x00000000       0x40
 .debug_aranges
                0x00000000       0x20 main.o
 .debug_aranges
                0x00000020       0x20 startup.o

.debug_line     0x00000000      0x1f7
 .debug_line    0x00000000       0x76 main.o
 .debug_line    0x00000076      0x181 startup.o

.debug_str      0x00000000      0x1d8
 .debug_str     0x00000000      0x14e main.o
                                0x182 (size before relaxing)
 .debug_str     0x0000014e       0x8a startup.o
                                0x1df (size before relaxing)

.comment        0x00000000       0x49
 .comment       0x00000000       0x49 main.o
                                 0x4a (size before relaxing)
 .comment       0x00000049       0x4a startup.o

.ARM.attributes
                0x00000000       0x2d
 .ARM.attributes
                0x00000000       0x2d main.o
 .ARM.attributes
                0x0000002d       0x2d startup.o

.debug_frame    0x00000000       0x7c
 .debug_frame   0x00000000       0x2c main.o
 .debug_frame   0x0000002c       0x50 startup.o
