
Memory Configuration

Name             Origin             Length             Attributes
Mem              0x00000000         0x04000000         xrw
*default*        0x00000000         0xffffffff

Linker script and memory map

                0x00010000                . = 0x10000

.startup        0x00000000        0xc
 startup.o(.text)
 .text          0x00000000        0xc startup.o
                0x00000000                reset

.text           0x0000000c       0xd8
 *(.text)
 .text          0x0000000c       0x1c app.o
                0x0000000c                main
 .text          0x00000028       0x58 uart.o
                0x00000028                Uart_Send_String
 *(.rodata)
 .rodata        0x00000080       0x64 app.o
                0x00000080                string_buffer2

.glue_7         0x000000e4        0x0
 .glue_7        0x000000e4        0x0 linker stubs

.glue_7t        0x000000e4        0x0
 .glue_7t       0x000000e4        0x0 linker stubs

.vfp11_veneer   0x000000e4        0x0
 .vfp11_veneer  0x000000e4        0x0 linker stubs

.v4_bx          0x000000e4        0x0
 .v4_bx         0x000000e4        0x0 linker stubs

.iplt           0x000000e4        0x0
 .iplt          0x000000e4        0x0 startup.o

.rel.dyn        0x000000e4        0x0
 .rel.iplt      0x000000e4        0x0 startup.o

.data           0x000000e4       0x64
 *(.data)
 .data          0x000000e4        0x0 startup.o
 .data          0x000000e4       0x64 app.o
                0x000000e4                string_buffer
 .data          0x00000148        0x0 uart.o

.igot.plt       0x00000148        0x0
 .igot.plt      0x00000148        0x0 startup.o

.bss            0x00000148        0x0
 *(.bss)
 .bss           0x00000148        0x0 startup.o
 .bss           0x00000148        0x0 app.o
 .bss           0x00000148        0x0 uart.o
 *(COMMON)
                0x00001148                . = (. + 0x1000)
                0x00001148                stack_top = .
LOAD startup.o
LOAD app.o
LOAD uart.o
OUTPUT(Lab_1.elf elf32-littlearm)
LOAD linker stubs

.ARM.attributes
                0x00000000       0x2e
 .ARM.attributes
                0x00000000       0x22 startup.o
 .ARM.attributes
                0x00000022       0x2c app.o
 .ARM.attributes
                0x0000004e       0x2c uart.o

.comment        0x00000000       0x49
 .comment       0x00000000       0x49 app.o
                                 0x4a (size before relaxing)
 .comment       0x00000049       0x4a uart.o

.debug_info     0x00000000      0x118
 .debug_info    0x00000000       0xa0 app.o
 .debug_info    0x000000a0       0x78 uart.o

.debug_abbrev   0x00000000       0xd8
 .debug_abbrev  0x00000000       0x74 app.o
 .debug_abbrev  0x00000074       0x64 uart.o

.debug_aranges  0x00000000       0x40
 .debug_aranges
                0x00000000       0x20 app.o
 .debug_aranges
                0x00000020       0x20 uart.o

.debug_line     0x00000000       0xa1
 .debug_line    0x00000000       0x47 app.o
 .debug_line    0x00000047       0x5a uart.o

.debug_str      0x00000000      0x11a
 .debug_str     0x00000000       0xef app.o
 .debug_str     0x000000ef       0x2b uart.o
                                 0xf2 (size before relaxing)

.debug_frame    0x00000000       0x5c
 .debug_frame   0x00000000       0x2c app.o
 .debug_frame   0x0000002c       0x30 uart.o
